C:\projects\CleanChemi_SiteManagementSystem\Logical\Global.typ
C:\projects\CleanChemi_SiteManagementSystem\Logical\Global.var
C:\projects\CleanChemi_SiteManagementSystem\Logical\Libraries\operator\operator.fun
C:\projects\CleanChemi_SiteManagementSystem\Logical\Libraries\operator\operator.typ
C:\projects\CleanChemi_SiteManagementSystem\Logical\Libraries\operator\operator.var
C:\projects\CleanChemi_SiteManagementSystem\Logical\Libraries\runtime\runtime.fun
C:\projects\CleanChemi_SiteManagementSystem\Logical\Libraries\runtime\runtime.typ
C:\projects\CleanChemi_SiteManagementSystem\Logical\Libraries\runtime\runtime.var
C:\projects\CleanChemi_SiteManagementSystem\Logical\Libraries\astime\astime.fun
C:\projects\CleanChemi_SiteManagementSystem\Logical\Libraries\astime\astime.typ
C:\projects\CleanChemi_SiteManagementSystem\Logical\Libraries\astime\astime.var
C:\projects\CleanChemi_SiteManagementSystem\Logical\Libraries\AsIecCon\AsIecCon.fun
C:\projects\CleanChemi_SiteManagementSystem\Logical\Libraries\AsIecCon\AsIecCon.typ
C:\projects\CleanChemi_SiteManagementSystem\Logical\Libraries\AsIecCon\AsIecCon.var
C:\projects\CleanChemi_SiteManagementSystem\Logical\Libraries\AsOpcUas\AsOpcUas.fun
C:\projects\CleanChemi_SiteManagementSystem\Logical\Libraries\AsOpcUas\AsOpcUas.typ
C:\projects\CleanChemi_SiteManagementSystem\Logical\Libraries\AsOpcUas\AsOpcUas.var
C:\projects\CleanChemi_SiteManagementSystem\Logical\Libraries\AsOpcUac\AsOpcUac.fun
C:\projects\CleanChemi_SiteManagementSystem\Logical\Libraries\AsOpcUac\AsOpcUac.typ
C:\projects\CleanChemi_SiteManagementSystem\Logical\Libraries\AsOpcUac\AsOpcUac.var
