C:\Projects\Clean Chemistry\BR-SCADA\Temp\Includes\AS_TempDecl\MpComponents.var
C:\Projects\Clean Chemistry\BR-SCADA\Logical\Global.var
C:\Projects\Clean Chemistry\BR-SCADA\Logical\Constants.var
C:\Projects\Clean Chemistry\BR-SCADA\Logical\Global.typ
C:\Projects\Clean Chemistry\BR-SCADA\Logical\Enum.typ
C:\Projects\Clean Chemistry\BR-SCADA\Logical\Par.typ
C:\Projects\Clean Chemistry\BR-SCADA\Logical\Vis.typ
C:\Projects\Clean Chemistry\BR-SCADA\Logical\Process.typ
C:\Projects\Clean Chemistry\BR-SCADA\Logical\Services.typ
C:\Projects\Clean Chemistry\BR-SCADA\Logical\IO.typ
C:\Projects\Clean Chemistry\BR-SCADA\Logical\Libraries\operator\operator.fun
C:\Projects\Clean Chemistry\BR-SCADA\Logical\Libraries\operator\operator.typ
C:\Projects\Clean Chemistry\BR-SCADA\Logical\Libraries\operator\operator.var
C:\Projects\Clean Chemistry\BR-SCADA\Logical\Libraries\runtime\runtime.fun
C:\Projects\Clean Chemistry\BR-SCADA\Logical\Libraries\runtime\runtime.typ
C:\Projects\Clean Chemistry\BR-SCADA\Logical\Libraries\runtime\runtime.var
C:\Projects\Clean Chemistry\BR-SCADA\Logical\Libraries\astime\astime.fun
C:\Projects\Clean Chemistry\BR-SCADA\Logical\Libraries\astime\astime.typ
C:\Projects\Clean Chemistry\BR-SCADA\Logical\Libraries\astime\astime.var
C:\Projects\Clean Chemistry\BR-SCADA\Logical\Libraries\AsIecCon\AsIecCon.fun
C:\Projects\Clean Chemistry\BR-SCADA\Logical\Libraries\AsIecCon\AsIecCon.typ
C:\Projects\Clean Chemistry\BR-SCADA\Logical\Libraries\AsIecCon\AsIecCon.var
C:\Projects\Clean Chemistry\BR-SCADA\Logical\Libraries\AsOpcUas\AsOpcUas.fun
C:\Projects\Clean Chemistry\BR-SCADA\Logical\Libraries\AsOpcUas\AsOpcUas.typ
C:\Projects\Clean Chemistry\BR-SCADA\Logical\Libraries\AsOpcUas\AsOpcUas.var
C:\Projects\Clean Chemistry\BR-SCADA\Logical\Libraries\AsOpcUac\AsOpcUac.fun
C:\Projects\Clean Chemistry\BR-SCADA\Logical\Libraries\AsOpcUac\AsOpcUac.typ
C:\Projects\Clean Chemistry\BR-SCADA\Logical\Libraries\AsOpcUac\AsOpcUac.var
C:\Projects\Clean Chemistry\BR-SCADA\Logical\Libraries\NcGlobal\NcGlobal.fun
C:\Projects\Clean Chemistry\BR-SCADA\Logical\Libraries\NcGlobal\NcGlobal.typ
C:\Projects\Clean Chemistry\BR-SCADA\Logical\Libraries\NcGlobal\NcGlobal.var
C:\Projects\Clean Chemistry\BR-SCADA\Logical\Libraries\standard\standard.fun
C:\Projects\Clean Chemistry\BR-SCADA\Logical\Libraries\standard\standard.typ
C:\Projects\Clean Chemistry\BR-SCADA\Logical\Libraries\standard\standard.var
C:\Projects\Clean Chemistry\BR-SCADA\Logical\Libraries\AsTCP\AsTCP.fun
C:\Projects\Clean Chemistry\BR-SCADA\Logical\Libraries\AsTCP\AsTCP.typ
C:\Projects\Clean Chemistry\BR-SCADA\Logical\Libraries\AsTCP\AsTCP.var
C:\Projects\Clean Chemistry\BR-SCADA\Logical\Libraries\Str2DtPvdr\Types.typ
C:\Projects\Clean Chemistry\BR-SCADA\Logical\Libraries\Str2DtPvdr\Constants.var
C:\Projects\Clean Chemistry\BR-SCADA\Logical\Libraries\Str2DtPvdr\Str2DtPvdr.fun
C:\Projects\Clean Chemistry\BR-SCADA\Logical\Libraries\AsBrStr\AsBrStr.fun
C:\Projects\Clean Chemistry\BR-SCADA\Logical\Libraries\AsBrStr\AsBrStr.typ
C:\Projects\Clean Chemistry\BR-SCADA\Logical\Libraries\AsBrStr\AsBrStr.var
C:\Projects\Clean Chemistry\BR-SCADA\Logical\Libraries\AsARCfg\AsARCfg.fun
C:\Projects\Clean Chemistry\BR-SCADA\Logical\Libraries\AsARCfg\AsARCfg.typ
C:\Projects\Clean Chemistry\BR-SCADA\Logical\Libraries\AsARCfg\AsARCfg.var
C:\Projects\Clean Chemistry\BR-SCADA\Logical\Libraries\sys_lib\sys_lib.fun
C:\Projects\Clean Chemistry\BR-SCADA\Logical\Libraries\sys_lib\sys_lib.typ
C:\Projects\Clean Chemistry\BR-SCADA\Logical\Libraries\sys_lib\sys_lib.var
C:\Projects\Clean Chemistry\BR-SCADA\Logical\Libraries\ArTextSys\ArTextSys.fun
C:\Projects\Clean Chemistry\BR-SCADA\Logical\Libraries\ArTextSys\ArTextSys.typ
C:\Projects\Clean Chemistry\BR-SCADA\Logical\Libraries\ArTextSys\ArTextSys.var
C:\Projects\Clean Chemistry\BR-SCADA\Logical\Libraries\asstring\asstring.fun
C:\Projects\Clean Chemistry\BR-SCADA\Logical\Libraries\asstring\asstring.typ
C:\Projects\Clean Chemistry\BR-SCADA\Logical\Libraries\asstring\asstring.var
C:\Projects\Clean Chemistry\BR-SCADA\Logical\Libraries\AsBrWStr\AsBrWStr.fun
C:\Projects\Clean Chemistry\BR-SCADA\Logical\Libraries\AsBrWStr\AsBrWStr.typ
C:\Projects\Clean Chemistry\BR-SCADA\Logical\Libraries\AsBrWStr\AsBrWStr.var
C:\Projects\Clean Chemistry\BR-SCADA\Logical\Libraries\MpCom\MpCom.var
C:\Projects\Clean Chemistry\BR-SCADA\Logical\Libraries\MpCom\MpCom.typ
C:\Projects\Clean Chemistry\BR-SCADA\Logical\Libraries\MpCom\MpComError.typ
C:\Projects\Clean Chemistry\BR-SCADA\Logical\Libraries\MpCom\MpCom.fun
C:\Projects\Clean Chemistry\BR-SCADA\Logical\Libraries\MpBase\MpBase.var
C:\Projects\Clean Chemistry\BR-SCADA\Logical\Libraries\MpBase\MpBase.typ
C:\Projects\Clean Chemistry\BR-SCADA\Logical\Libraries\MpBase\MpBase.fun
C:\Projects\Clean Chemistry\BR-SCADA\Logical\Libraries\HA_IO\Types.typ
C:\Projects\Clean Chemistry\BR-SCADA\Logical\Libraries\HA_IO\Constants.var
C:\Projects\Clean Chemistry\BR-SCADA\Logical\Libraries\HA_IO\HA_IO.fun
C:\Projects\Clean Chemistry\BR-SCADA\Logical\Libraries\HA\Types.typ
C:\Projects\Clean Chemistry\BR-SCADA\Logical\Libraries\HA\Constants.var
C:\Projects\Clean Chemistry\BR-SCADA\Logical\Libraries\HA\HA.fun
C:\Projects\Clean Chemistry\BR-SCADA\Logical\Libraries\HA_Version\Types.typ
C:\Projects\Clean Chemistry\BR-SCADA\Logical\Libraries\HA_Version\Constants.var
C:\Projects\Clean Chemistry\BR-SCADA\Logical\Libraries\HA_Version\HA_Version.fun
C:\Projects\Clean Chemistry\BR-SCADA\Logical\Libraries\HA_Dir\Types.typ
C:\Projects\Clean Chemistry\BR-SCADA\Logical\Libraries\HA_Dir\Constants.var
C:\Projects\Clean Chemistry\BR-SCADA\Logical\Libraries\HA_Dir\HA_Dir.fun
C:\Projects\Clean Chemistry\BR-SCADA\Logical\Libraries\HA_Convert\Types.typ
C:\Projects\Clean Chemistry\BR-SCADA\Logical\Libraries\HA_Convert\Constants.var
C:\Projects\Clean Chemistry\BR-SCADA\Logical\Libraries\HA_Convert\HA_Convert.fun
C:\Projects\Clean Chemistry\BR-SCADA\Logical\Libraries\HA_Str\Types.typ
C:\Projects\Clean Chemistry\BR-SCADA\Logical\Libraries\HA_Str\Constants.var
C:\Projects\Clean Chemistry\BR-SCADA\Logical\Libraries\HA_Str\HA_Str.fun
C:\Projects\Clean Chemistry\BR-SCADA\Logical\Libraries\HA_AlarmX\Types.typ
C:\Projects\Clean Chemistry\BR-SCADA\Logical\Libraries\HA_AlarmX\Constants.var
C:\Projects\Clean Chemistry\BR-SCADA\Logical\Libraries\HA_AlarmX\HA_AlarmX.fun
C:\Projects\Clean Chemistry\BR-SCADA\Logical\Libraries\HA_ItemX\Types.typ
C:\Projects\Clean Chemistry\BR-SCADA\Logical\Libraries\HA_ItemX\Constants.var
C:\Projects\Clean Chemistry\BR-SCADA\Logical\Libraries\HA_ItemX\HA_ItemX.fun
C:\Projects\Clean Chemistry\BR-SCADA\Logical\Libraries\HA_RAND\Types.typ
C:\Projects\Clean Chemistry\BR-SCADA\Logical\Libraries\HA_RAND\Constants.var
C:\Projects\Clean Chemistry\BR-SCADA\Logical\Libraries\HA_RAND\HA_RAND.fun
C:\Projects\Clean Chemistry\BR-SCADA\Logical\Libraries\ArEventLog\ArEventLog.fun
C:\Projects\Clean Chemistry\BR-SCADA\Logical\Libraries\ArEventLog\ArEventLog.typ
C:\Projects\Clean Chemistry\BR-SCADA\Logical\Libraries\ArEventLog\ArEventLog.var
C:\Projects\Clean Chemistry\BR-SCADA\Logical\Libraries\ArProject\ArProject.fun
C:\Projects\Clean Chemistry\BR-SCADA\Logical\Libraries\ArProject\ArProject.typ
C:\Projects\Clean Chemistry\BR-SCADA\Logical\Libraries\ArProject\ArProject.var
C:\Projects\Clean Chemistry\BR-SCADA\Logical\Libraries\brsystem\brsystem.fun
C:\Projects\Clean Chemistry\BR-SCADA\Logical\Libraries\brsystem\brsystem.typ
C:\Projects\Clean Chemistry\BR-SCADA\Logical\Libraries\brsystem\brsystem.var
C:\Projects\Clean Chemistry\BR-SCADA\Logical\Libraries\FileIO\FileIO.fun
C:\Projects\Clean Chemistry\BR-SCADA\Logical\Libraries\FileIO\FileIO.typ
C:\Projects\Clean Chemistry\BR-SCADA\Logical\Libraries\FileIO\FileIO.var
C:\Projects\Clean Chemistry\BR-SCADA\Logical\Libraries\AsUSB\AsUSB.fun
C:\Projects\Clean Chemistry\BR-SCADA\Logical\Libraries\AsUSB\AsUSB.typ
C:\Projects\Clean Chemistry\BR-SCADA\Logical\Libraries\AsUSB\AsUSB.var
C:\Projects\Clean Chemistry\BR-SCADA\Logical\Libraries\HA_Array\Types.typ
C:\Projects\Clean Chemistry\BR-SCADA\Logical\Libraries\HA_Array\Constants.var
C:\Projects\Clean Chemistry\BR-SCADA\Logical\Libraries\HA_Array\HA_Array.fun
C:\Projects\Clean Chemistry\BR-SCADA\Logical\Libraries\HA_SysErr\Types.typ
C:\Projects\Clean Chemistry\BR-SCADA\Logical\Libraries\HA_SysErr\Constants.var
C:\Projects\Clean Chemistry\BR-SCADA\Logical\Libraries\HA_SysErr\HA_SysErr.fun
C:\Projects\Clean Chemistry\BR-SCADA\Logical\Libraries\MpAlarmX\MpAlarmX.typ
C:\Projects\Clean Chemistry\BR-SCADA\Logical\Libraries\MpAlarmX\MpAlarmXError.typ
C:\Projects\Clean Chemistry\BR-SCADA\Logical\Libraries\MpAlarmX\MpAlarmX.fun
C:\Projects\Clean Chemistry\BR-SCADA\Logical\modbusTCP\MbusTCP\Types.typ
C:\Projects\Clean Chemistry\BR-SCADA\Logical\modbusTCP\MbusTCP\Variables.var
C:\Projects\Clean Chemistry\BR-SCADA\Logical\modbusTCP\MbusTCP\MbusTCP.fun
C:\Projects\Clean Chemistry\BR-SCADA\Logical\modbusTCP\IDEC_Real\Types.typ
C:\Projects\Clean Chemistry\BR-SCADA\Logical\modbusTCP\IDEC_Real\IDEC_Real.fun
